------------------------------------------------------------
TimeQuest Timing Analyzer Summary
------------------------------------------------------------

Type  : Slow 1200mV 85C Model Setup 'clk'
Slack : -3.902
TNS   : -161.395

Type  : Slow 1200mV 85C Model Setup 'clk_sm:subClk|loop_clk'
Slack : -2.014
TNS   : -22.609

Type  : Slow 1200mV 85C Model Hold 'clk'
Slack : 0.426
TNS   : 0.000

Type  : Slow 1200mV 85C Model Hold 'clk_sm:subClk|loop_clk'
Slack : 0.453
TNS   : 0.000

Type  : Slow 1200mV 85C Model Minimum Pulse Width 'clk'
Slack : -3.000
TNS   : -75.863

Type  : Slow 1200mV 85C Model Minimum Pulse Width 'clk_sm:subClk|loop_clk'
Slack : -1.487
TNS   : -31.227

Type  : Slow 1200mV 0C Model Setup 'clk'
Slack : -3.639
TNS   : -148.019

Type  : Slow 1200mV 0C Model Setup 'clk_sm:subClk|loop_clk'
Slack : -1.776
TNS   : -19.676

Type  : Slow 1200mV 0C Model Hold 'clk'
Slack : 0.401
TNS   : 0.000

Type  : Slow 1200mV 0C Model Hold 'clk_sm:subClk|loop_clk'
Slack : 0.402
TNS   : 0.000

Type  : Slow 1200mV 0C Model Minimum Pulse Width 'clk'
Slack : -3.000
TNS   : -75.863

Type  : Slow 1200mV 0C Model Minimum Pulse Width 'clk_sm:subClk|loop_clk'
Slack : -1.487
TNS   : -31.403

Type  : Fast 1200mV 0C Model Setup 'clk'
Slack : -1.094
TNS   : -40.176

Type  : Fast 1200mV 0C Model Setup 'clk_sm:subClk|loop_clk'
Slack : -0.272
TNS   : -2.176

Type  : Fast 1200mV 0C Model Hold 'clk'
Slack : -0.009
TNS   : -0.009

Type  : Fast 1200mV 0C Model Hold 'clk_sm:subClk|loop_clk'
Slack : 0.187
TNS   : 0.000

Type  : Fast 1200mV 0C Model Minimum Pulse Width 'clk'
Slack : -3.000
TNS   : -55.356

Type  : Fast 1200mV 0C Model Minimum Pulse Width 'clk_sm:subClk|loop_clk'
Slack : -1.000
TNS   : -21.000

------------------------------------------------------------
