------------------------------------------------------------
TimeQuest Timing Analyzer Summary
------------------------------------------------------------

Type  : Slow 1200mV 85C Model Setup 'vga1|vgapll|altpll_component|auto_generated|pll1|clk[0]'
Slack : 36.121
TNS   : 0.000

Type  : Slow 1200mV 85C Model Hold 'vga1|vgapll|altpll_component|auto_generated|pll1|clk[0]'
Slack : 0.519
TNS   : 0.000

Type  : Slow 1200mV 85C Model Minimum Pulse Width 'clk'
Slack : 12.429
TNS   : 0.000

Type  : Slow 1200mV 85C Model Minimum Pulse Width 'vga1|vgapll|altpll_component|auto_generated|pll1|clk[0]'
Slack : 19.573
TNS   : 0.000

Type  : Slow 1200mV 0C Model Setup 'vga1|vgapll|altpll_component|auto_generated|pll1|clk[0]'
Slack : 36.316
TNS   : 0.000

Type  : Slow 1200mV 0C Model Hold 'vga1|vgapll|altpll_component|auto_generated|pll1|clk[0]'
Slack : 0.478
TNS   : 0.000

Type  : Slow 1200mV 0C Model Minimum Pulse Width 'clk'
Slack : 12.417
TNS   : 0.000

Type  : Slow 1200mV 0C Model Minimum Pulse Width 'vga1|vgapll|altpll_component|auto_generated|pll1|clk[0]'
Slack : 19.570
TNS   : 0.000

Type  : Fast 1200mV 0C Model Setup 'vga1|vgapll|altpll_component|auto_generated|pll1|clk[0]'
Slack : 38.141
TNS   : 0.000

Type  : Fast 1200mV 0C Model Hold 'vga1|vgapll|altpll_component|auto_generated|pll1|clk[0]'
Slack : 0.209
TNS   : 0.000

Type  : Fast 1200mV 0C Model Minimum Pulse Width 'clk'
Slack : 12.097
TNS   : 0.000

Type  : Fast 1200mV 0C Model Minimum Pulse Width 'vga1|vgapll|altpll_component|auto_generated|pll1|clk[0]'
Slack : 19.650
TNS   : 0.000

------------------------------------------------------------
